<?xml version="1.0" encoding="UTF-8"?>
<TestRun id="d138e035-195f-4ea6-bc80-f2eaf3f96531" name="dmarquez@PEDXPLIM024 2012-08-15 12:03:17" runUser="ATC\dmarquez" xmlns="http://microsoft.com/schemas/VisualStudio/TeamTest/2010">
  <TestSettings name="Local" id="8903f2c7-ae1b-4e15-a6aa-b39c034b0735">
    <Description>These are default test settings for a local test run.</Description>
    <Deployment enabled="false" runDeploymentRoot="dmarquez_PEDXPLIM024 2012-08-15 12_03_17" />
    <Execution>
      <TestTypeSpecific />
      <AgentRule name="Execution Agents">
      </AgentRule>
    </Execution>
  </TestSettings>
  <Times creation="2012-08-15T12:03:17.9981250-05:00" queuing="2012-08-15T12:03:20.5450000-05:00" start="2012-08-15T12:03:20.7012500-05:00" finish="2012-08-15T12:03:26.4668750-05:00" />
  <ResultSummary outcome="Completed">
    <Counters total="2" executed="2" passed="2" error="0" failed="0" timeout="0" aborted="0" inconclusive="0" passedButRunAborted="0" notRunnable="0" notExecuted="0" disconnected="0" warning="0" completed="0" inProgress="0" pending="0" />
  </ResultSummary>
  <TestDefinitions>
    <UnitTest name="ValidarpersonaN" storage="c:\documents and settings\dmarquez.atc\mis documentos\visual studio 2010\projects\infocorp\test\bin\debug\test.dll" id="3c197a76-0e74-dfd4-96fd-d8d058c91b32">
      <Execution id="ec5689d3-6ffd-46be-8554-86550542eb7d" />
      <TestMethod codeBase="c:/documents and settings/dmarquez.atc/mis documentos/visual studio 2010/Projects/INFOCORP/tEST/bin/Debug/tEST.DLL" adapterTypeName="Microsoft.VisualStudio.TestTools.TestTypes.Unit.UnitTestAdapter, Microsoft.VisualStudio.QualityTools.Tips.UnitTest.Adapter, Version=10.0.0.0, Culture=neutral, PublicKeyToken=b03f5f7f11d50a3a" className="RegInfocorp.Test, tEST, Version=1.0.0.0, Culture=neutral, PublicKeyToken=null" name="ValidarpersonaN" />
    </UnitTest>
    <UnitTest name="ValidarpersonaJ" storage="c:\documents and settings\dmarquez.atc\mis documentos\visual studio 2010\projects\infocorp\test\bin\debug\test.dll" id="c5e83fa0-c72c-4316-f41d-8dd3adc8ca86">
      <Execution id="86571ff2-af09-4705-88d8-0df005ce0f67" />
      <TestMethod codeBase="c:/documents and settings/dmarquez.atc/mis documentos/visual studio 2010/Projects/INFOCORP/tEST/bin/Debug/tEST.DLL" adapterTypeName="Microsoft.VisualStudio.TestTools.TestTypes.Unit.UnitTestAdapter, Microsoft.VisualStudio.QualityTools.Tips.UnitTest.Adapter, Version=10.0.0.0, Culture=neutral, PublicKeyToken=b03f5f7f11d50a3a" className="RegInfocorp.Test, tEST, Version=1.0.0.0, Culture=neutral, PublicKeyToken=null" name="ValidarpersonaJ" />
    </UnitTest>
  </TestDefinitions>
  <TestLists>
    <TestList name="Results Not in a List" id="8c84fa94-04c1-424b-9868-57a2d4851a1d" />
    <TestList name="All Loaded Results" id="19431567-8539-422a-85d7-44ee4e166bda" />
  </TestLists>
  <TestEntries>
    <TestEntry testId="3c197a76-0e74-dfd4-96fd-d8d058c91b32" executionId="ec5689d3-6ffd-46be-8554-86550542eb7d" testListId="8c84fa94-04c1-424b-9868-57a2d4851a1d" />
    <TestEntry testId="c5e83fa0-c72c-4316-f41d-8dd3adc8ca86" executionId="86571ff2-af09-4705-88d8-0df005ce0f67" testListId="8c84fa94-04c1-424b-9868-57a2d4851a1d" />
  </TestEntries>
  <Results>
    <UnitTestResult executionId="ec5689d3-6ffd-46be-8554-86550542eb7d" testId="3c197a76-0e74-dfd4-96fd-d8d058c91b32" testName="ValidarpersonaN" computerName="PEDXPLIM024" duration="00:00:01.7515996" startTime="2012-08-15T12:03:20.8575000-05:00" endTime="2012-08-15T12:03:24.1387500-05:00" testType="13cdc9d9-ddb5-4fa4-a97d-d965ccfc6d4b" outcome="Passed" testListId="8c84fa94-04c1-424b-9868-57a2d4851a1d" relativeResultsDirectory="ec5689d3-6ffd-46be-8554-86550542eb7d">
    </UnitTestResult>
    <UnitTestResult executionId="86571ff2-af09-4705-88d8-0df005ce0f67" testId="c5e83fa0-c72c-4316-f41d-8dd3adc8ca86" testName="ValidarpersonaJ" computerName="PEDXPLIM024" duration="00:00:02.0042240" startTime="2012-08-15T12:03:24.1543750-05:00" endTime="2012-08-15T12:03:26.1856250-05:00" testType="13cdc9d9-ddb5-4fa4-a97d-d965ccfc6d4b" outcome="Passed" testListId="8c84fa94-04c1-424b-9868-57a2d4851a1d" relativeResultsDirectory="86571ff2-af09-4705-88d8-0df005ce0f67">
    </UnitTestResult>
  </Results>
</TestRun>