<?xml version="1.0" encoding="UTF-8"?>
<TestRun id="6c518609-3eb9-45be-ad63-5865dd377fe4" name="dmarquez@PEDXPLIM024 2012-08-15 08:36:17" runUser="ATC\dmarquez" xmlns="http://microsoft.com/schemas/VisualStudio/TeamTest/2010">
  <TestSettings name="Local" id="fa7bb22e-17ee-4b73-ace1-f9c325cbd9d8">
    <Description>These are default test settings for a local test run.</Description>
    <Deployment enabled="false" runDeploymentRoot="dmarquez_PEDXPLIM024 2012-08-15 08_36_17" />
    <Execution>
      <TestTypeSpecific />
      <AgentRule name="Execution Agents">
      </AgentRule>
    </Execution>
  </TestSettings>
  <Times creation="2012-08-15T08:36:17.5293750-05:00" queuing="2012-08-15T08:36:17.5918750-05:00" start="2012-08-15T08:36:17.5918750-05:00" finish="2012-08-15T08:36:17.9043750-05:00" />
  <ResultSummary outcome="Failed">
    <Counters total="1" executed="1" error="0" failed="1" timeout="0" aborted="0" inconclusive="0" passedButRunAborted="0" notRunnable="0" notExecuted="0" disconnected="0" warning="0" passed="0" completed="0" inProgress="0" pending="0" />
  </ResultSummary>
  <TestDefinitions>
    <UnitTest name="Validarpersona" storage="c:\documents and settings\dmarquez.atc\mis documentos\visual studio 2010\projects\registrospublicos\resttest\bin\debug\resttest.dll" id="8f675266-33c6-c0cf-6e2d-7421992d2a40">
      <Execution id="2f3dddd4-468b-4397-9352-79826811fd28" />
      <TestMethod codeBase="c:/documents and settings/dmarquez.atc/mis documentos/visual studio 2010/Projects/RegistrosPublicos/RestTest/bin/Debug/RestTest.DLL" adapterTypeName="Microsoft.VisualStudio.TestTools.TestTypes.Unit.UnitTestAdapter, Microsoft.VisualStudio.QualityTools.Tips.UnitTest.Adapter, Version=10.0.0.0, Culture=neutral, PublicKeyToken=b03f5f7f11d50a3a" className="RestTest.RegPublicosTest, RestTest, Version=1.0.0.0, Culture=neutral, PublicKeyToken=null" name="Validarpersona" />
    </UnitTest>
  </TestDefinitions>
  <TestLists>
    <TestList name="Results Not in a List" id="8c84fa94-04c1-424b-9868-57a2d4851a1d" />
    <TestList name="All Loaded Results" id="19431567-8539-422a-85d7-44ee4e166bda" />
  </TestLists>
  <TestEntries>
    <TestEntry testId="8f675266-33c6-c0cf-6e2d-7421992d2a40" executionId="2f3dddd4-468b-4397-9352-79826811fd28" testListId="8c84fa94-04c1-424b-9868-57a2d4851a1d" />
  </TestEntries>
  <Results>
    <UnitTestResult executionId="2f3dddd4-468b-4397-9352-79826811fd28" testId="8f675266-33c6-c0cf-6e2d-7421992d2a40" testName="Validarpersona" computerName="PEDXPLIM024" duration="00:00:00.0432921" startTime="2012-08-15T08:36:17.5918750-05:00" endTime="2012-08-15T08:36:17.8575000-05:00" testType="13cdc9d9-ddb5-4fa4-a97d-d965ccfc6d4b" outcome="Failed" testListId="8c84fa94-04c1-424b-9868-57a2d4851a1d" relativeResultsDirectory="2f3dddd4-468b-4397-9352-79826811fd28">
      <Output>
        <ErrorInfo>
          <Message>Assert.AreEqual failed. Expected:&lt;&lt;string xmlns="http://schemas.microsoft.com/2003/10/Serialization/"&gt;;AV. LA MARINA 3205 SAN MIGUEL CASA 2 HABITACIONES, 2 BAÑOS, 2 PISOS;AV. ANDRES REYES 437 SAN ISIDRO DEPARTAMENTO 5 HABITACIONES, 2 BAÑOS, 6 PISOS&lt;/string&gt;&gt;. Actual:&lt;;AV. LA MARINA 3205 SAN MIGUEL CASA 2 HABITACIONES, 2 BAÑOS, 2 PISOS;AV. ANDRES REYES 437 SAN ISIDRO DEPARTAMENTO 5 HABITACIONES, 2 BAÑOS, 6 PISOS&gt;. </Message>
          <StackTrace>   at RestTest.RegPublicosTest.Validarpersona() in c:\documents and settings\dmarquez.atc\mis documentos\visual studio 2010\Projects\RegistrosPublicos\RestTest\UnitTest1.cs:line 26
</StackTrace>
        </ErrorInfo>
      </Output>
    </UnitTestResult>
  </Results>
</TestRun>